if we had to do this all over again, what did we learn about how to use tailwind v4 and postcss from this? 

PowerShell 7.6.0-preview.4
PS C:\Users\kushal> cd C:\code\PerformanceMetrics\performancemetrics\; yarn; yarn build
yarn install v1.22.22
[1/4] Resolving packages...
success Already up-to-date.
Done in 0.43s.
yarn run v1.22.22
$ tsc -b && vite build
vite v7.1.3 building for production...
✓ 819 modules transformed.
dist/index.html                   0.54 kB │ gzip:   0.32 kB
dist/assets/index-D8b4DHJx.css    1.39 kB │ gzip:   0.71 kB
dist/assets/index-eNHE3Ted.js   558.67 kB │ gzip: 167.75 kB

(!) Some chunks are larger than 500 kB after minification. Consider:
- Using dynamic import() to code-split the application
- Use build.rollupOptions.output.manualChunks to improve chunking: https://rollupjs.org/configuration-options/#output-manualchunks
- Adjust chunk size limit for this warning via build.chunkSizeWarningLimit.
✓ built in 9.79s
Done in 15.08s.
PS C:\code\PerformanceMetrics\performancemetrics> yarn add -D tailwindcss postcss autoprefixer
yarn add v1.22.22
[1/4] Resolving packages...
[2/4] Fetching packages...
[3/4] Linking dependencies...
warning Workspaces can only be enabled in private projects.
[4/4] Building fresh packages...

success Saved lockfile.
warning Workspaces can only be enabled in private projects.
success Saved 6 new dependencies.
info Direct dependencies
├─ autoprefixer@10.4.21
├─ postcss@8.5.6
└─ tailwindcss@4.1.12
info All dependencies
├─ autoprefixer@10.4.21
├─ fraction.js@4.3.7
├─ normalize-range@0.1.2
├─ postcss-value-parser@4.2.0
├─ postcss@8.5.6
└─ tailwindcss@4.1.12
Done in 8.34s.
PS C:\code\PerformanceMetrics\performancemetrics> yarn dlx tailwindcss init -p
yarn run v1.22.22
error Command "dlx" not found.
info Visit https://yarnpkg.com/en/docs/cli/run for documentation about this command.
PS C:\code\PerformanceMetrics\performancemetrics> yarn dlx tailwindcss init -p
yarn run v1.22.22
error Command "dlx" not found.
info Visit https://yarnpkg.com/en/docs/cli/run for documentation about this command.
PS C:\code\PerformanceMetrics\performancemetrics> yarn tailwindcss init -p
yarn run v1.22.22
error Command "tailwindcss" not found.
info Visit https://yarnpkg.com/en/docs/cli/run for documentation about this command.
PS C:\code\PerformanceMetrics\performancemetrics> npx tailwindcss init -p
npm error could not determine executable to run
npm error A complete log of this run can be found in: C:\Users\kushal\scoop\persist\nodejs-lts\cache\_logs\2025-08-20T14_20_40_840Z-debug-0.log
PS C:\code\PerformanceMetrics\performancemetrics> cd C:\code\PerformanceMetrics\performancemetrics\; yarn; yarn build
yarn install v1.22.22
[1/4] Resolving packages...
success Already up-to-date.
Done in 0.42s.
yarn run v1.22.22
$ tsc -b && vite build
vite v7.1.3 building for production...
✓ 15 modules transformed.
✗ Build failed in 4.74s
error during build:
[vite:css] [postcss] It looks like you're trying to use `tailwindcss` directly as a PostCSS plugin. The PostCSS plugin has moved to a separate package, so to continue using Tailwind CSS with PostCSS you'll need to install `@tailwindcss/postcss` and update your PostCSS configuration.
file: C:/code/PerformanceMetrics/performancemetrics/src/index.css:undefined:NaN
    at We (C:\code\PerformanceMetrics\performancemetrics\node_modules\tailwindcss\dist\lib.js:35:2121)
    at LazyResult.runOnRoot (C:\code\PerformanceMetrics\performancemetrics\node_modules\postcss\lib\lazy-result.js:361:16)
    at LazyResult.runAsync (C:\code\PerformanceMetrics\performancemetrics\node_modules\postcss\lib\lazy-result.js:290:26)
    at LazyResult.async (C:\code\PerformanceMetrics\performancemetrics\node_modules\postcss\lib\lazy-result.js:192:30)
    at LazyResult.then (C:\code\PerformanceMetrics\performancemetrics\node_modules\postcss\lib\lazy-result.js:436:17)
error Command failed with exit code 1.
info Visit https://yarnpkg.com/en/docs/cli/run for documentation about this command.
PS C:\code\PerformanceMetrics\performancemetrics>
PS C:\code\PerformanceMetrics\performancemetrics> yarn add -D @tailwindcss/postcss
yarn add v1.22.22
[1/4] Resolving packages...
[2/4] Fetching packages...
[3/4] Linking dependencies...
warning Workspaces can only be enabled in private projects.
[4/4] Building fresh packages...
success Saved lockfile.
warning Workspaces can only be enabled in private projects.
success Saved 20 new dependencies.
info Direct dependencies
└─ @tailwindcss/postcss@4.1.12
info All dependencies
├─ @alloc/quick-lru@5.2.0
├─ @isaacs/fs-minipass@4.0.1
├─ @jridgewell/remapping@2.3.5
├─ @tailwindcss/node@4.1.12
├─ @tailwindcss/oxide-win32-x64-msvc@4.1.12
├─ @tailwindcss/oxide@4.1.12
├─ @tailwindcss/postcss@4.1.12
├─ chownr@3.0.0
├─ detect-libc@2.0.4
├─ enhanced-resolve@5.18.3
├─ graceful-fs@4.2.11
├─ jiti@2.5.1
├─ lightningcss-win32-x64-msvc@1.30.1
├─ lightningcss@1.30.1
├─ magic-string@0.30.17
├─ minizlib@3.0.2
├─ mkdirp@3.0.1
├─ tapable@2.2.2
├─ tar@7.4.3
└─ yallist@5.0.0
Done in 16.91s.
PS C:\code\PerformanceMetrics\performancemetrics>
PS C:\code\PerformanceMetrics\performancemetrics> cd C:\code\PerformanceMetrics\performancemetrics\; yarn; yarn build
yarn install v1.22.22
[1/4] Resolving packages...
success Already up-to-date.
Done in 0.45s.
yarn run v1.22.22
$ tsc -b && vite build
vite v7.1.3 building for production...
✓ 819 modules transformed.
dist/index.html                   0.54 kB │ gzip:   0.32 kB
dist/assets/index-B39IzT8f.css   17.71 kB │ gzip:   4.38 kB
dist/assets/index-Cdqvc-Kt.js   558.67 kB │ gzip: 167.75 kB

(!) Some chunks are larger than 500 kB after minification. Consider:
- Using dynamic import() to code-split the application
- Use build.rollupOptions.output.manualChunks to improve chunking: https://rollupjs.org/configuration-options/#output-manualchunks
- Adjust chunk size limit for this warning via build.chunkSizeWarningLimit.
✓ built in 13.98s
Done in 19.15s.
PS C:\code\PerformanceMetrics\performancemetrics>




Looking at your journey, here are the key lessons for **Tailwind CSS v4 setup**:

## 🎯 **The Correct v4 Setup Process**

### 1. **Install the right packages**
```bash
yarn add -D tailwindcss @tailwindcss/postcss autoprefixer
```
**Key insight**: v4 requires `@tailwindcss/postcss` as a separate package, not just `tailwindcss`

### 2. **PostCSS config for v4**
```js
// postcss.config.js
export default {
  plugins: {
    '@tailwindcss/postcss': {},  // Note the @ prefix!
    autoprefixer: {},
  },
}
```
**Key insight**: Use `@tailwindcss/postcss` not `tailwindcss` in the plugin

### 3. **CSS import for v4**
```css
/* src/index.css */
@import "tailwindcss";
```
**Key insight**: v4 uses `@import "tailwindcss"` instead of the three `@tailwind` directives

## 📚 **What We Learned**

### ❌ **What Doesn't Work in v4**
- `@tailwind base; @tailwind components; @tailwind utilities;` (v3 syntax)
- `tailwindcss: {}` in PostCSS config (missing `@` prefix)
- `yarn dlx` with Yarn Classic (need Yarn 2+ or use `npx`)
- `npx tailwindcss init` (v4 doesn't need/support traditional config files)

### ✅ **What Works in v4**
- Single `@import "tailwindcss"` statement
- `@tailwindcss/postcss` plugin
- All the same CSS classes (`w-full`, `px-6`, `bg-gray-50`, etc.)
- Simpler setup once you know the right packages

## 🚀 **The Complete v4 Recipe**

```bash
# 1. Install packages
yarn add -D tailwindcss @tailwindcss/postcss autoprefixer

# 2. Create postcss.config.js
echo 'export default { plugins: { "@tailwindcss/postcss": {}, autoprefixer: {} } }' > postcss.config.js

# 3. Update src/index.css
echo '@import "tailwindcss";' > src/index.css

# 4. Import CSS in main.tsx
# Add: import './index.css'

# 5. Build
yarn build
```

## 💡 **Key Takeaway**
Tailwind v4 is actually **simpler** once you know the new pattern - no config files needed, just one CSS import. But the PostCSS plugin name change is the critical gotcha that trips people up!

The evidence: Your CSS bundle grew from 1.39 kB to 17.71 kB, showing Tailwind is now working and including all the utility classes. 🎉
