PowerShell 7.6.0-preview.4
PS C:\Users\kushal> cd C:\code\PerformanceMetrics\performancemetrics\; yarn; yarn build
yarn install v1.22.22
[1/4] Resolving packages...
success Already up-to-date.
Done in 0.43s.
yarn run v1.22.22
$ tsc -b && vite build
vite v7.1.3 building for production...
✓ 819 modules transformed.
dist/index.html                   0.54 kB │ gzip:   0.32 kB
dist/assets/index-D8b4DHJx.css    1.39 kB │ gzip:   0.71 kB
dist/assets/index-eNHE3Ted.js   558.67 kB │ gzip: 167.75 kB

(!) Some chunks are larger than 500 kB after minification. Consider:
- Using dynamic import() to code-split the application
- Use build.rollupOptions.output.manualChunks to improve chunking: https://rollupjs.org/configuration-options/#output-manualchunks
- Adjust chunk size limit for this warning via build.chunkSizeWarningLimit.
✓ built in 9.79s
Done in 15.08s.
PS C:\code\PerformanceMetrics\performancemetrics> yarn add -D tailwindcss postcss autoprefixer
yarn add v1.22.22
[1/4] Resolving packages...
[2/4] Fetching packages...
[3/4] Linking dependencies...
warning Workspaces can only be enabled in private projects.
[4/4] Building fresh packages...

success Saved lockfile.
warning Workspaces can only be enabled in private projects.
success Saved 6 new dependencies.
info Direct dependencies
├─ autoprefixer@10.4.21
├─ postcss@8.5.6
└─ tailwindcss@4.1.12
info All dependencies
├─ autoprefixer@10.4.21
├─ fraction.js@4.3.7
├─ normalize-range@0.1.2
├─ postcss-value-parser@4.2.0
├─ postcss@8.5.6
└─ tailwindcss@4.1.12
Done in 8.34s.
PS C:\code\PerformanceMetrics\performancemetrics> yarn dlx tailwindcss init -p
yarn run v1.22.22
error Command "dlx" not found.
info Visit https://yarnpkg.com/en/docs/cli/run for documentation about this command.
PS C:\code\PerformanceMetrics\performancemetrics> yarn dlx tailwindcss init -p
yarn run v1.22.22
error Command "dlx" not found.
info Visit https://yarnpkg.com/en/docs/cli/run for documentation about this command.
PS C:\code\PerformanceMetrics\performancemetrics> yarn tailwindcss init -p
yarn run v1.22.22
error Command "tailwindcss" not found.
info Visit https://yarnpkg.com/en/docs/cli/run for documentation about this command.
PS C:\code\PerformanceMetrics\performancemetrics> npx tailwindcss init -p
npm error could not determine executable to run
npm error A complete log of this run can be found in: C:\Users\kushal\scoop\persist\nodejs-lts\cache\_logs\2025-08-20T14_20_40_840Z-debug-0.log
PS C:\code\PerformanceMetrics\performancemetrics> cd C:\code\PerformanceMetrics\performancemetrics\; yarn; yarn build
yarn install v1.22.22
[1/4] Resolving packages...
success Already up-to-date.
Done in 0.42s.
yarn run v1.22.22
$ tsc -b && vite build
vite v7.1.3 building for production...
✓ 15 modules transformed.
✗ Build failed in 4.74s
error during build:
[vite:css] [postcss] It looks like you're trying to use `tailwindcss` directly as a PostCSS plugin. The PostCSS plugin has moved to a separate package, so to continue using Tailwind CSS with PostCSS you'll need to install `@tailwindcss/postcss` and update your PostCSS configuration.
file: C:/code/PerformanceMetrics/performancemetrics/src/index.css:undefined:NaN
    at We (C:\code\PerformanceMetrics\performancemetrics\node_modules\tailwindcss\dist\lib.js:35:2121)
    at LazyResult.runOnRoot (C:\code\PerformanceMetrics\performancemetrics\node_modules\postcss\lib\lazy-result.js:361:16)
    at LazyResult.runAsync (C:\code\PerformanceMetrics\performancemetrics\node_modules\postcss\lib\lazy-result.js:290:26)
    at LazyResult.async (C:\code\PerformanceMetrics\performancemetrics\node_modules\postcss\lib\lazy-result.js:192:30)
    at LazyResult.then (C:\code\PerformanceMetrics\performancemetrics\node_modules\postcss\lib\lazy-result.js:436:17)
error Command failed with exit code 1.
info Visit https://yarnpkg.com/en/docs/cli/run for documentation about this command.
PS C:\code\PerformanceMetrics\performancemetrics>
PS C:\code\PerformanceMetrics\performancemetrics> yarn add -D @tailwindcss/postcss
yarn add v1.22.22
[1/4] Resolving packages...
[2/4] Fetching packages...
[3/4] Linking dependencies...
warning Workspaces can only be enabled in private projects.
[4/4] Building fresh packages...
success Saved lockfile.
warning Workspaces can only be enabled in private projects.
success Saved 20 new dependencies.
info Direct dependencies
└─ @tailwindcss/postcss@4.1.12
info All dependencies
├─ @alloc/quick-lru@5.2.0
├─ @isaacs/fs-minipass@4.0.1
├─ @jridgewell/remapping@2.3.5
├─ @tailwindcss/node@4.1.12
├─ @tailwindcss/oxide-win32-x64-msvc@4.1.12
├─ @tailwindcss/oxide@4.1.12
├─ @tailwindcss/postcss@4.1.12
├─ chownr@3.0.0
├─ detect-libc@2.0.4
├─ enhanced-resolve@5.18.3
├─ graceful-fs@4.2.11
├─ jiti@2.5.1
├─ lightningcss-win32-x64-msvc@1.30.1
├─ lightningcss@1.30.1
├─ magic-string@0.30.17
├─ minizlib@3.0.2
├─ mkdirp@3.0.1
├─ tapable@2.2.2
├─ tar@7.4.3
└─ yallist@5.0.0
Done in 16.91s.
PS C:\code\PerformanceMetrics\performancemetrics>
PS C:\code\PerformanceMetrics\performancemetrics> cd C:\code\PerformanceMetrics\performancemetrics\; yarn; yarn build
yarn install v1.22.22
[1/4] Resolving packages...
success Already up-to-date.
Done in 0.45s.
yarn run v1.22.22
$ tsc -b && vite build
vite v7.1.3 building for production...
✓ 819 modules transformed.
dist/index.html                   0.54 kB │ gzip:   0.32 kB
dist/assets/index-B39IzT8f.css   17.71 kB │ gzip:   4.38 kB
dist/assets/index-Cdqvc-Kt.js   558.67 kB │ gzip: 167.75 kB

(!) Some chunks are larger than 500 kB after minification. Consider:
- Using dynamic import() to code-split the application
- Use build.rollupOptions.output.manualChunks to improve chunking: https://rollupjs.org/configuration-options/#output-manualchunks
- Adjust chunk size limit for this warning via build.chunkSizeWarningLimit.
✓ built in 13.98s
Done in 19.15s.
PS C:\code\PerformanceMetrics\performancemetrics>
PS C:\code\PerformanceMetrics\performancemetrics>
PS C:\code\PerformanceMetrics\performancemetrics>
PS C:\code\PerformanceMetrics\performancemetrics> cd C:\code\PerformanceMetrics\performancemetrics\; yarn; yarn build
yarn install v1.22.22
[1/4] Resolving packages...
success Already up-to-date.
Done in 0.66s.
yarn run v1.22.22
$ tsc -b && vite build
vite v7.1.3 building for production...
✓ 819 modules transformed.
dist/index.html                   0.54 kB │ gzip:   0.32 kB
dist/assets/index-B3eY9SDA.css   17.73 kB │ gzip:   4.40 kB
dist/assets/index-DZPDTZVS.js   558.67 kB │ gzip: 167.75 kB

(!) Some chunks are larger than 500 kB after minification. Consider:
- Using dynamic import() to code-split the application
- Use build.rollupOptions.output.manualChunks to improve chunking: https://rollupjs.org/configuration-options/#output-manualchunks
- Adjust chunk size limit for this warning via build.chunkSizeWarningLimit.
✓ built in 11.79s
Done in 35.03s.
PS C:\code\PerformanceMetrics\performancemetrics> cd C:\code\PerformanceMetrics\performancemetrics\; yarn; yarn outdated; yarn build
yarn install v1.22.22
[1/4] Resolving packages...
success Already up-to-date.
Done in 0.60s.
yarn outdated v1.22.22
info Color legend :
 "<red>"    : Major Update backward-incompatible updates
 "<yellow>" : Minor Update backward-compatible features
 "<green>"  : Patch Update backward-compatible bug fixes
Package    Current Wanted Latest Package Type    URL
typescript 5.8.3   5.8.3  5.9.2  devDependencies https://www.typescriptlang.org/
Done in 3.68s.
yarn run v1.22.22
$ tsc -b && vite build
vite v7.1.3 building for production...
✓ 819 modules transformed.
dist/index.html                   0.54 kB │ gzip:   0.32 kB
dist/assets/index-B3eY9SDA.css   17.73 kB │ gzip:   4.40 kB
dist/assets/index-DZPDTZVS.js   558.67 kB │ gzip: 167.75 kB

(!) Some chunks are larger than 500 kB after minification. Consider:
- Using dynamic import() to code-split the application
- Use build.rollupOptions.output.manualChunks to improve chunking: https://rollupjs.org/configuration-options/#output-manualchunks
- Adjust chunk size limit for this warning via build.chunkSizeWarningLimit.
✓ built in 14.54s
Done in 21.87s.
PS C:\code\PerformanceMetrics\performancemetrics> cd C:\code\PerformanceMetrics\performancemetrics\; yarn; yarn outdated; yarn upgrade typescript@latest; yarn build;
yarn install v1.22.22
[1/4] Resolving packages...
success Already up-to-date.
Done in 0.48s.
yarn outdated v1.22.22
info Color legend :
 "<red>"    : Major Update backward-incompatible updates
 "<yellow>" : Minor Update backward-compatible features
 "<green>"  : Patch Update backward-compatible bug fixes
Package    Current Wanted Latest Package Type    URL
typescript 5.8.3   5.8.3  5.9.2  devDependencies https://www.typescriptlang.org/
Done in 3.16s.
yarn upgrade v1.22.22
[1/4] Resolving packages...
[2/4] Fetching packages...
[3/4] Linking dependencies...
warning Workspaces can only be enabled in private projects.
[4/4] Rebuilding all packages...
success Saved lockfile.
warning Workspaces can only be enabled in private projects.
success Saved 1 new dependency.
info Direct dependencies
└─ typescript@5.9.2
info All dependencies
└─ typescript@5.9.2
Done in 10.40s.
yarn run v1.22.22
$ tsc -b && vite build
vite v7.1.3 building for production...
✓ 819 modules transformed.
dist/index.html                   0.54 kB │ gzip:   0.32 kB
dist/assets/index-B3eY9SDA.css   17.73 kB │ gzip:   4.40 kB
dist/assets/index-DZPDTZVS.js   558.67 kB │ gzip: 167.75 kB

(!) Some chunks are larger than 500 kB after minification. Consider:
- Using dynamic import() to code-split the application
- Use build.rollupOptions.output.manualChunks to improve chunking: https://rollupjs.org/configuration-options/#output-manualchunks
- Adjust chunk size limit for this warning via build.chunkSizeWarningLimit.
✓ built in 11.72s
Done in 19.09s.
PS C:\code\PerformanceMetrics\performancemetrics> cd C:\code\PerformanceMetrics\performancemetrics\; yarn; yarn outdated; yarn build; git add .; git commit --message "update dependencies"; git push --all;
yarn install v1.22.22
[1/4] Resolving packages...
success Already up-to-date.
Done in 0.45s.
yarn outdated v1.22.22
Done in 3.04s.
yarn run v1.22.22
$ tsc -b && vite build
vite v7.1.3 building for production...
✓ 819 modules transformed.
dist/index.html                   0.54 kB │ gzip:   0.32 kB
dist/assets/index-B3eY9SDA.css   17.73 kB │ gzip:   4.40 kB
dist/assets/index-DZPDTZVS.js   558.67 kB │ gzip: 167.75 kB

(!) Some chunks are larger than 500 kB after minification. Consider:
- Using dynamic import() to code-split the application
- Use build.rollupOptions.output.manualChunks to improve chunking: https://rollupjs.org/configuration-options/#output-manualchunks
- Adjust chunk size limit for this warning via build.chunkSizeWarningLimit.
✓ built in 10.77s
Done in 15.90s.
warning: in the working copy of 'package.json', LF will be replaced by CRLF the next time Git touches it
[main af8e9bf] update dependencies
 2 files changed, 5 insertions(+), 5 deletions(-)
Enumerating objects: 7, done.
Counting objects: 100% (7/7), done.
Delta compression using up to 10 threads
Compressing objects: 100% (4/4), done.
Writing objects: 100% (4/4), 552 bytes | 276.00 KiB/s, done.
Total 4 (delta 3), reused 0 (delta 0), pack-reused 0 (from 0)
remote: Resolving deltas: 100% (3/3), completed with 3 local objects.
To github.com:kusl/performancemetrics.git
   9640bd6..af8e9bf  main -> main
PS C:\code\PerformanceMetrics\performancemetrics> cd C:\code\PerformanceMetrics\performancemetrics\; yarn; yarn outdated; yarn build; git add .; git commit --message "update dependencies"; git push --all;
